[01/01/2026 20:46:30] INFO: Connected to MongoDB
[01/01/2026 20:47:15] INFO: [2026-01-01T18:47:15.108Z] Method: POST, URL: /auth/login
[01/01/2026 20:47:15] INFO: User logged in successfully
[01/01/2026 20:47:17] INFO: [2026-01-01T18:47:17.416Z] Method: GET, URL: /student/assignments
[01/01/2026 20:47:17] INFO: [2026-01-01T18:47:17.533Z] Method: GET, URL: /student/submissions/me
[01/01/2026 20:47:17] INFO: [2026-01-01T18:47:17.713Z] Method: GET, URL: /student/assignments
[01/01/2026 20:48:50] INFO: [2026-01-01T18:48:50.952Z] Method: POST, URL: /student/submissions
[01/01/2026 20:48:51] INFO: Submission created successfully.
[01/01/2026 20:48:51] INFO: Submission created successfully.
[01/01/2026 20:48:51] INFO: [2026-01-01T18:48:51.062Z] Method: GET, URL: /student/submissions/me
[01/01/2026 20:49:24] INFO: [2026-01-01T18:49:24.370Z] Method: POST, URL: /auth/login
[01/01/2026 20:49:24] INFO: User logged in successfully
[01/01/2026 20:49:26] INFO: [2026-01-01T18:49:26.697Z] Method: GET, URL: /teacher/assignments
[01/01/2026 20:49:26] INFO: [2026-01-01T18:49:26.818Z] Method: GET, URL: /teacher/submissions
[01/01/2026 20:51:07] INFO: [2026-01-01T18:51:07.668Z] Method: GET, URL: /teacher/assignments
[01/01/2026 20:51:07] INFO: [2026-01-01T18:51:07.697Z] Method: GET, URL: /teacher/submissions
[01/01/2026 20:51:38] INFO: Connected to MongoDB
[01/01/2026 20:51:42] INFO: [2026-01-01T18:51:42.033Z] Method: GET, URL: /teacher/assignments
[01/01/2026 20:51:42] INFO: [2026-01-01T18:51:42.110Z] Method: GET, URL: /teacher/submissions
[01/01/2026 20:54:04] INFO: Connected to MongoDB
[01/01/2026 20:54:09] INFO: [2026-01-01T18:54:09.224Z] Method: GET, URL: /teacher/assignments
[01/01/2026 20:54:09] INFO: [2026-01-01T18:54:09.255Z] Method: GET, URL: /teacher/submissions
[01/01/2026 20:57:59] INFO: Connected to MongoDB
[01/01/2026 20:58:07] INFO: [2026-01-01T18:58:07.962Z] Method: GET, URL: /teacher/assignments
[01/01/2026 20:58:08] INFO: [2026-01-01T18:58:08.012Z] Method: GET, URL: /teacher/submissions
[01/01/2026 21:01:09] INFO: [2026-01-01T19:01:09.983Z] Method: GET, URL: /teacher/assignments
[01/01/2026 21:01:10] INFO: [2026-01-01T19:01:10.014Z] Method: GET, URL: /teacher/submissions
[01/01/2026 21:01:52] INFO: [2026-01-01T19:01:52.556Z] Method: POST, URL: /auth/login
[01/01/2026 21:01:52] INFO: User logged in successfully
[01/01/2026 21:01:54] INFO: [2026-01-01T19:01:54.640Z] Method: GET, URL: /student/assignments
[01/01/2026 21:01:54] INFO: [2026-01-01T19:01:54.650Z] Method: GET, URL: /student/submissions/me
[01/01/2026 21:01:54] INFO: [2026-01-01T19:01:54.682Z] Method: GET, URL: /student/assignments
[01/01/2026 21:02:17] INFO: [2026-01-01T19:02:17.508Z] Method: POST, URL: /student/submissions
[01/01/2026 21:02:17] INFO: Submission created successfully.
[01/01/2026 21:02:17] INFO: Submission created successfully.
[01/01/2026 21:02:17] INFO: [2026-01-01T19:02:17.542Z] Method: GET, URL: /student/submissions/me
[01/01/2026 21:04:40] INFO: [2026-01-01T19:04:40.023Z] Method: GET, URL: /student/assignments
[01/01/2026 21:04:40] INFO: [2026-01-01T19:04:40.041Z] Method: GET, URL: /student/submissions/me
[01/01/2026 21:04:40] INFO: [2026-01-01T19:04:40.071Z] Method: GET, URL: /student/assignments
[01/01/2026 21:04:59] INFO: [2026-01-01T19:04:59.860Z] Method: POST, URL: /student/submissions
[01/01/2026 21:04:59] INFO: Submission created successfully.
[01/01/2026 21:04:59] INFO: Submission created successfully.
[01/01/2026 21:04:59] INFO: [2026-01-01T19:04:59.884Z] Method: GET, URL: /student/submissions/me
[01/01/2026 21:05:45] INFO: [2026-01-01T19:05:45.914Z] Method: GET, URL: /student/assignments
[01/01/2026 21:05:45] INFO: [2026-01-01T19:05:45.929Z] Method: GET, URL: /student/submissions/me
[01/01/2026 21:05:45] INFO: [2026-01-01T19:05:45.953Z] Method: GET, URL: /student/assignments
[01/01/2026 21:05:51] INFO: [2026-01-01T19:05:51.353Z] Method: POST, URL: /student/submissions
[01/01/2026 21:05:51] INFO: Submission created successfully.
[01/01/2026 21:05:51] INFO: Submission created successfully.
[01/01/2026 21:05:51] INFO: [2026-01-01T19:05:51.379Z] Method: GET, URL: /student/submissions/me
[01/01/2026 21:09:39] INFO: Connected to MongoDB
[01/01/2026 21:10:26] INFO: [2026-01-01T19:10:26.982Z] Method: POST, URL: /auth/register
[01/01/2026 21:10:28] INFO: [2026-01-01T19:10:28.007Z] Method: POST, URL: /auth/register
[01/01/2026 21:10:37] INFO: [2026-01-01T19:10:37.225Z] Method: POST, URL: /auth/register
[01/01/2026 21:10:52] INFO: [2026-01-01T19:10:52.290Z] Method: POST, URL: /auth/register
[01/01/2026 21:11:14] INFO: [2026-01-01T19:11:14.240Z] Method: POST, URL: /auth/login
[01/01/2026 21:11:14] INFO: User logged in successfully
[01/01/2026 21:11:16] INFO: [2026-01-01T19:11:16.529Z] Method: GET, URL: /student/assignments
[01/01/2026 21:11:16] INFO: [2026-01-01T19:11:16.608Z] Method: GET, URL: /student/submissions/me
[01/01/2026 21:11:16] INFO: [2026-01-01T19:11:16.673Z] Method: GET, URL: /student/assignments
[01/01/2026 21:12:00] INFO: [2026-01-01T19:12:00.588Z] Method: POST, URL: /student/submissions
[01/01/2026 21:12:00] INFO: Submission created successfully.
[01/01/2026 21:12:00] INFO: Submission created successfully.
[01/01/2026 21:12:00] INFO: [2026-01-01T19:12:00.712Z] Method: GET, URL: /student/submissions/me
[01/01/2026 21:12:43] INFO: [2026-01-01T19:12:43.848Z] Method: POST, URL: /auth/login
[01/01/2026 21:12:44] INFO: User logged in successfully
[01/01/2026 21:12:46] INFO: [2026-01-01T19:12:46.182Z] Method: GET, URL: /teacher/assignments
[01/01/2026 21:12:46] INFO: [2026-01-01T19:12:46.232Z] Method: GET, URL: /teacher/submissions
[01/01/2026 21:13:06] INFO: [2026-01-01T19:13:06.267Z] Method: PUT, URL: /teacher/036969509/695404d05444e5b15c7fec53
[01/01/2026 21:13:06] INFO: [2026-01-01T19:13:06.308Z] Method: GET, URL: /teacher/submissions
